Input file(s):
results/rusage_intspeed_ref_base_0_1113.json
ben	original    	hase        	ratio
600	359.2064	410.8035	1.1436  
602	562.8093	578.0516	1.0271  
605	872.5286	908.0220	1.0407  
620	522.0123	572.5477	1.0968  
623	290.3899	307.2092	1.0579  
625	463.0630	473.2756	1.0221  
631	454.5370	464.4123	1.0217  
641	598.5609	606.9672	1.0140  
648	920.8963	940.0597	1.0208  
657	4316.3973	4309.0109	0.9983  
000	9360.4009	9570.3596	1.0435  
