ben	original    	hase        	ratio
600	357.7500	356.7640	0.9972  
602	564.1452	562.4889	0.9971  
605	824.2946	824.3949	1.0001  
620	500.6149	513.0433	1.0248  
623	278.5139	278.0395	0.9983  
625	464.2931	463.6374	0.9986  
631	405.0442	404.2902	0.9981  
641	597.8450	597.9618	1.0002  
648	924.3356	923.7538	0.9994  
657	3870.7612	3861.2958	0.9976  
000	8787.5977	8785.6695	1.0011  
