ben	original	hase	ratio
600	360.5632	359.7722	  0.9978
602	566.5196	565.3526	  0.9979
605	824.3219	826.7792	  1.0030
620	771.1380	806.5473	  1.0459
623	371.4878	391.8175	  1.0547
625	649.0633	648.1809	  0.9986
631	541.2207	541.0380	  0.9997
641	799.1915	799.8192	  1.0008
648	1344.5983	1343.2323	  0.9990
657	4009.8887	4029.6130	  1.0049
000	10237.9929	10312.1524	1.0100
