Filter out 621,627,654
ben	original	hase	ratio
603	39950.0637	40139.7314	  1.0047
607	22961.6613	22799.4933	  0.9929
619	12280.5104	12857.6291	  1.0470
621	55690.6534	593510.4059	 10.6573
627	 49.2677	 54.4184	  1.1045
628	5848.1038	5823.6652	  0.9958
638	20191.7402	20184.0749	  0.9996
644	9558.0596	9581.9509	  1.0025
649	8767.2746	9183.6763	  1.0475
654	  2.1338	  1.5351	  0.7194
000	175299.4687	714136.5805	1.0126
