Input file(s):
results/rusage_fpspeed_ref_base_0_1113.json
ben	original    	hase        	ratio
619	12461.0074	12393.5074	0.9946  
628	5860.3427	5878.7400	1.0031  
644	9705.5255	9608.6762	0.9900  
649	9028.6751	9226.8612	1.0220  
000	37055.5507	37107.7849	1.0023  
